Microchip Technology Inc, v2.00 (A)

Tool Name:
  c:\program files\microchip\xc16\v2.00\bin\bin\..\bin/elf-ld.exe

Command:
  -p24FJ128GA010 \
  -o \
  dist/default/production/FreeRTOS.production.elf \
  -Lc:/program files/microchip/xc16/v2.00/bin/bin/.. \
  -Lc:/program files/microchip/xc16/v2.00/bin/bin/../../lib \
  -Lc:/program files/microchip/xc16/v2.00/bin/bin/../../support/PIC24E/gld \
  -Lc:/program files/microchip/xc16/v2.00/bin/bin/../../support/PIC24F/gld \
  -Lc:/program files/microchip/xc16/v2.00/bin/bin/../../support/PIC24H/gld \
  -Lc:/program files/microchip/xc16/v2.00/bin/bin/../../support/dsPIC30F/gld \
  -Lc:/program files/microchip/xc16/v2.00/bin/bin/../../support/dsPIC33C/gld \
  -Lc:/program files/microchip/xc16/v2.00/bin/bin/../../support/dsPIC33E/gld \
  -Lc:/program files/microchip/xc16/v2.00/bin/bin/../../support/dsPIC33F/gld \
  build/default/production/list.o \
  build/default/production/main.o \
  build/default/production/port.o \
  build/default/production/queue.o \
  build/default/production/tasks.o \
  build/default/production/heap_1.o \
  build/default/production/event_groups.o \
  build/default/production/portasm_PIC24.o \
  build/default/production/user_tasks.o \
  build/default/production/adc_config.o \
  --defsym=__MPLAB_BUILD=1 \
  -Tp24FJ128GA010.gld.00 \
  --stack=16 \
  --check-sections \
  --data-init \
  --pack-data \
  --handles \
  --isr \
  --no-gc-sections \
  --fill-upper=0 \
  --stackguard=16 \
  --no-force-link \
  --smart-io \
  -Map=dist/default/production/FreeRTOS.production.map \
  --report-mem \
  --memorysummary \
  dist/default/production/memoryfile.xml \
  -start-group \
  --library=c99-pic30-elf \
  --library=m-elf \
  --library=c99-elf \
  -end-group \


Optional library libpPIC24Fxxx.a not found
Archive member included because of file (symbol)

c:/program files/microchip/xc16/v2.00/bin/bin/../../lib\libc99-pic30-elf.a(crt0_standard.o)
                              (__resetPRI)
c:/program files/microchip/xc16/v2.00/bin/bin/../../lib\libc99-pic30-elf.a(data_init_standard.o)
                              c:/program files/microchip/xc16/v2.00/bin/bin/../../lib\libc99-pic30-elf.a(crt0_standard.o) (__data_init_standard)
c:/program files/microchip/xc16/v2.00/bin/bin/../../lib\libc99-pic30-elf.a(crt_start_mode_normal.Meo)
                              (__crt_start_mode_normal)
c:/program files/microchip/xc16/v2.00/bin/bin/../../lib\libc99-elf.a(memcpy.XX_o)
                              build/default/production/queue.o (_memcpy)


xc16-ld 2.00 (A)

Default Code Model: Small
Default Data Model: Large
Default Scalar Model: Small

"program" Memory  [Origin = 0x200, Length = 0x155fc]

section                    address   length (PC units)   length (bytes) (dec)
-------                    -------   -----------------   --------------------
.text                        0x200               0x120           0x1b0  (432)
.const                       0x320                0x3a            0x57  (87)
.text                        0x35a              0x23ee          0x35e5  (13797)
.dinit                      0x2748                0x28            0x3c  (60)

                 Total "program" memory used (bytes):         0x3828  (14376) 10%


"data" Memory  [Origin = 0x800, Length = 0x2000]

section                    address      alignment gaps    total length  (dec)
-------                    -------      --------------    -------------------
.nbss                        0x800                   0            0x22  (34)
.ndata                       0x822                   0             0x2  (2)
.nbss                        0x824                   0             0x2  (2)
.bss                         0x826                   0          0x1450  (5200)

                 Total "data" memory used (bytes):         0x1476  (5238) 63%


Dynamic Memory Usage

region                     address                      maximum length  (dec)
------                     -------                      ---------------------
heap                             0                                   0  (0)
stack                       0x1c76                               0xb8a  (2954)

                 Maximum dynamic memory (bytes):          0xb8a  (2954)

Info: Project is using a large data memory model when small data memory model is sufficient.


External Symbols in Data Memory (by address):

                    0x0800                  _pxCurrentTCB
                    0x081c                  _fila_rot
                    0x081e                  _fila_temp
                    0x0820                  _rest
                    0x0822                  _uxCriticalNesting

External Symbols in Data Memory (by name):

                    0x081c                  _fila_rot
                    0x081e                  _fila_temp
                    0x0800                  _pxCurrentTCB
                    0x0820                  _rest
                    0x0822                  _uxCriticalNesting

External Symbols in Program Memory (by address):

                  0x000200                  __resetPRI
                  0x00023c                  __psv_init
                  0x000252                  __data_init_standard
                  0x000252                  __data_init
                  0x0002dc                  __T1Interrupt
                  0x00030c                  __DefaultInterrupt
                  0x000312                  _memcpy
                  0x00035a                  _xTaskCreate
                  0x000590                  _vTaskDelay
                  0x0005c0                  _vTaskSuspend
                  0x000680                  _vTaskResume
                  0x0006ea                  _xTaskResumeFromISR
                  0x000774                  _vTaskStartScheduler
                  0x0007aa                  _vTaskEndScheduler
                  0x0007c2                  _vTaskSuspendAll
                  0x0007ce                  _xTaskResumeAll
                  0x000894                  _xTaskGetTickCount
                  0x0008a4                  _xTaskGetTickCountFromISR
                  0x0008b8                  _uxTaskGetNumberOfTasks
                  0x0008c0                  _pcTaskGetName
                  0x0008e0                  _xTaskIncrementTick
                  0x0009f8                  _vTaskSwitchContext
                  0x000a7e                  _vTaskPlaceOnEventList
                  0x000a9c                  _vTaskPlaceOnUnorderedEventList
                  0x000acc                  _xTaskRemoveFromEventList
                  0x000b5e                  _vTaskRemoveFromUnorderedEventList
                  0x000bca                  _vTaskSetTimeOutState
                  0x000be4                  _vTaskInternalSetTimeOutState
                  0x000bfa                  _xTaskCheckForTimeOut
                  0x000c90                  _vTaskMissedYield
                  0x000c9a                  build/default/production/tasks.o:_prvIdleTask
                  0x000d08                  _uxTaskResetEventItemValue
                  0x000d24                  _ulTaskNotifyTake
                  0x000d9e                  _xTaskNotifyWait
                  0x000e6e                  _xTaskGenericNotify
                  0x000f94                  _xTaskGenericNotifyFromISR
                  0x0010e2                  _vTaskNotifyGiveFromISR
                  0x001184                  _xTaskNotifyStateClear
                  0x001240                  _xQueueGenericReset
                  0x0012e4                  _xQueueGenericCreate
                  0x0013a2                  _xQueueCreateCountingSemaphore
                  0x0013cc                  _xQueueGenericSend
                  0x0014ee                  _xQueueGenericSendFromISR
                  0x001592                  _xQueueGiveFromISR
                  0x00162c                  _xQueueReceive
                  0x001742                  _xQueueSemaphoreTake
                  0x00184a                  _xQueuePeek
                  0x001966                  _xQueueReceiveFromISR
                  0x001a06                  _xQueuePeekFromISR
                  0x001a56                  _uxQueueMessagesWaiting
                  0x001a6e                  _uxQueueSpacesAvailable
                  0x001a96                  _uxQueueMessagesWaitingFromISR
                  0x001ab0                  _vQueueDelete
                  0x001cde                  _xQueueIsQueueEmptyFromISR
                  0x001d34                  _xQueueIsQueueFullFromISR
                  0x001d64                  _xEventGroupCreate
                  0x001d82                  _xEventGroupSync
                  0x001e86                  _xEventGroupWaitBits
                  0x001fc2                  _xEventGroupClearBits
                  0x001ff2                  _xEventGroupGetBitsFromISR
                  0x002010                  _xEventGroupSetBits
                  0x002126                  _vEventGroupDelete
                  0x00215a                  _vEventGroupSetBitsCallback
                  0x00216e                  _vEventGroupClearBitsCallback
                  0x0021cc                  _vListInitialise
                  0x002206                  _vListInitialiseItem
                  0x002216                  _vListInsertEnd
                  0x00226e                  _vListInsert
                  0x0022fa                  _uxListRemove
                  0x002368                  _pxPortInitialiseStack
                  0x002472                  _xPortStartScheduler
                  0x0024a0                  _vPortEndScheduler
                  0x0024ce                  _vPortEnterCritical
                  0x0024e8                  _vPortExitCritical
                  0x002504                  _rot_read
                  0x002532                  _rot_process
                  0x002568                  _temp_read
                  0x002596                  _temp_process
                  0x0025cc                  _pvPortMalloc
                  0x002624                  _vPortFree
                  0x00262c                  _vPortInitialiseBlocks
                  0x002634                  _xPortGetFreeHeapSize
                  0x002640                  _main
                  0x0026b0                  _vPortYield
                  0x002700                  _adc_config

External Symbols in Program Memory (by name):

                  0x00030c                  __DefaultInterrupt
                  0x0002dc                  __T1Interrupt
                  0x000252                  __data_init
                  0x000252                  __data_init_standard
                  0x00023c                  __psv_init
                  0x000200                  __resetPRI
                  0x002700                  _adc_config
                  0x002640                  _main
                  0x000312                  _memcpy
                  0x0008c0                  _pcTaskGetName
                  0x0025cc                  _pvPortMalloc
                  0x002368                  _pxPortInitialiseStack
                  0x002532                  _rot_process
                  0x002504                  _rot_read
                  0x002596                  _temp_process
                  0x002568                  _temp_read
                  0x000d24                  _ulTaskNotifyTake
                  0x0022fa                  _uxListRemove
                  0x001a56                  _uxQueueMessagesWaiting
                  0x001a96                  _uxQueueMessagesWaitingFromISR
                  0x001a6e                  _uxQueueSpacesAvailable
                  0x0008b8                  _uxTaskGetNumberOfTasks
                  0x000d08                  _uxTaskResetEventItemValue
                  0x00216e                  _vEventGroupClearBitsCallback
                  0x002126                  _vEventGroupDelete
                  0x00215a                  _vEventGroupSetBitsCallback
                  0x0021cc                  _vListInitialise
                  0x002206                  _vListInitialiseItem
                  0x00226e                  _vListInsert
                  0x002216                  _vListInsertEnd
                  0x0024a0                  _vPortEndScheduler
                  0x0024ce                  _vPortEnterCritical
                  0x0024e8                  _vPortExitCritical
                  0x002624                  _vPortFree
                  0x00262c                  _vPortInitialiseBlocks
                  0x0026b0                  _vPortYield
                  0x001ab0                  _vQueueDelete
                  0x000590                  _vTaskDelay
                  0x0007aa                  _vTaskEndScheduler
                  0x000be4                  _vTaskInternalSetTimeOutState
                  0x000c90                  _vTaskMissedYield
                  0x0010e2                  _vTaskNotifyGiveFromISR
                  0x000a7e                  _vTaskPlaceOnEventList
                  0x000a9c                  _vTaskPlaceOnUnorderedEventList
                  0x000b5e                  _vTaskRemoveFromUnorderedEventList
                  0x000680                  _vTaskResume
                  0x000bca                  _vTaskSetTimeOutState
                  0x000774                  _vTaskStartScheduler
                  0x0005c0                  _vTaskSuspend
                  0x0007c2                  _vTaskSuspendAll
                  0x0009f8                  _vTaskSwitchContext
                  0x001fc2                  _xEventGroupClearBits
                  0x001d64                  _xEventGroupCreate
                  0x001ff2                  _xEventGroupGetBitsFromISR
                  0x002010                  _xEventGroupSetBits
                  0x001d82                  _xEventGroupSync
                  0x001e86                  _xEventGroupWaitBits
                  0x002634                  _xPortGetFreeHeapSize
                  0x002472                  _xPortStartScheduler
                  0x0013a2                  _xQueueCreateCountingSemaphore
                  0x0012e4                  _xQueueGenericCreate
                  0x001240                  _xQueueGenericReset
                  0x0013cc                  _xQueueGenericSend
                  0x0014ee                  _xQueueGenericSendFromISR
                  0x001592                  _xQueueGiveFromISR
                  0x001cde                  _xQueueIsQueueEmptyFromISR
                  0x001d34                  _xQueueIsQueueFullFromISR
                  0x00184a                  _xQueuePeek
                  0x001a06                  _xQueuePeekFromISR
                  0x00162c                  _xQueueReceive
                  0x001966                  _xQueueReceiveFromISR
                  0x001742                  _xQueueSemaphoreTake
                  0x000bfa                  _xTaskCheckForTimeOut
                  0x00035a                  _xTaskCreate
                  0x000e6e                  _xTaskGenericNotify
                  0x000f94                  _xTaskGenericNotifyFromISR
                  0x000894                  _xTaskGetTickCount
                  0x0008a4                  _xTaskGetTickCountFromISR
                  0x0008e0                  _xTaskIncrementTick
                  0x001184                  _xTaskNotifyStateClear
                  0x000d9e                  _xTaskNotifyWait
                  0x000acc                  _xTaskRemoveFromEventList
                  0x0007ce                  _xTaskResumeAll
                  0x0006ea                  _xTaskResumeFromISR
                  0x000c9a                  build/default/production/tasks.o:_prvIdleTask

Memory Configuration

Name             Origin             Length             Attributes
data             0x000800           0x002000           a !xr
reset            0x000000           0x000004  
ivt              0x000004           0x0000fc  
_reserved        0x000100           0x000004  
aivt             0x000104           0x0000fc  
program          0x000200           0x0155fc           xr
CONFIG2          0x0157fc           0x000002  
CONFIG1          0x0157fe           0x000002  
*default*        0x000000           0xffffffff  

Linker script and memory map

LOAD build/default/production/list.o
LOAD build/default/production/main.o
LOAD build/default/production/port.o
LOAD build/default/production/queue.o
LOAD build/default/production/tasks.o
LOAD build/default/production/heap_1.o
LOAD build/default/production/event_groups.o
LOAD build/default/production/portasm_PIC24.o
LOAD build/default/production/user_tasks.o
LOAD build/default/production/adc_config.o
                    0x0001                  __MPLAB_BUILD = 0x1
LOAD pPIC24Fxxx
LOAD c:/program files/microchip/xc16/v2.00/bin/bin/../../lib\libfx-elf.a
                    0x157fc                  __CONFIG2 = 0x157fc
                    0x157fe                  __CONFIG1 = 0x157fe
                    0x0200                  __CODE_BASE = 0x200
                    0x155fc                  __CODE_LENGTH = 0x155fc
                    0x0004                  __IVT_BASE = 0x4
                    0x0104                  __AIVT_BASE = 0x104
                    0x0800                  __DATA_BASE = 0x800
                    0x2000                  __DATA_LENGTH = 0x2000

.reset            0x000000          0x4
                  0x000000          0x2 SHORT 0x200 ABSOLUTE (__reset)
                  0x000001          0x2 SHORT 0x4
                  0x000002          0x2 SHORT 0x0 ((ABSOLUTE (__reset) >> 0x10) & 0x7f)
                  0x000003          0x2 SHORT 0x0

.text             0x000200        0x120
 *(.init)
 .init            0x000200         0x4c c:/program files/microchip/xc16/v2.00/bin/bin/../../lib\libc99-pic30-elf.a(crt0_standard.o)
                  0x000200                  __resetPRI
                  0x000200                  __reset
                  0x00023c                  __psv_init
 .init            0x00024c         0x7c c:/program files/microchip/xc16/v2.00/bin/bin/../../lib\libc99-pic30-elf.a(data_init_standard.o)
                  0x000252                  __data_init_standard
                  0x000252                  __data_init
 *(.user_init)
 *(.handle)
 .handle          0x0002c8         0x14 jump_table
 *(.isr*)
 .isr.text        0x0002dc         0x30 build/default/production/port.o
                  0x0002dc                  __T1Interrupt
 .isr             0x00030c          0x4 default_isr
                  0x00030c                  __DefaultInterrupt
 *(.libc)
 *(.libm)
 *(.libdsp)
 *(.lib*)
 .libpic30_crt_start_mode
                  0x000310          0x2 c:/program files/microchip/xc16/v2.00/bin/bin/../../lib\libc99-pic30-elf.a(crt_start_mode_normal.Meo)
                  0x000310                  __crt_start_mode
                  0x000310                  __crt_start_mode_normal
 .libc.memcpy     0x000312          0xe c:/program files/microchip/xc16/v2.00/bin/bin/../../lib\libc99-elf.a(memcpy.XX_o)
                  0x000312                  _memcpy

usercode
 *(usercode)

__CONFIG2
 *(__CONFIG2.sec*)

__CONFIG1
 *(__CONFIG1.sec*)

.comment
 *(.comment)

.debug_info       0x000000       0x57f0
 *(.debug_info)
 .debug_info      0x000000        0x43d build/default/production/list.o
 .debug_info      0x00043d        0x55e build/default/production/main.o
 .debug_info      0x00099b        0xaf7 build/default/production/port.o
 .debug_info      0x001492       0x1091 build/default/production/queue.o
 .debug_info      0x002523       0x17df build/default/production/tasks.o
 .debug_info      0x003d02        0x28c build/default/production/heap_1.o
 .debug_info      0x003f8e        0x8f0 build/default/production/event_groups.o
 .debug_info      0x00487e         0x8c build/default/production/portasm_PIC24.o
 .debug_info      0x00490a        0x78f build/default/production/user_tasks.o
 .debug_info      0x005099        0x757 build/default/production/adc_config.o
 *(.gnu.linkonce.wi.*)

.debug_abbrev     0x000000        0xb34
 *(.debug_abbrev)
 .debug_abbrev    0x000000         0xe1 build/default/production/list.o
 .debug_abbrev    0x0000e1         0xc0 build/default/production/main.o
 .debug_abbrev    0x0001a1        0x1e3 build/default/production/port.o
 .debug_abbrev    0x000384        0x1a6 build/default/production/queue.o
 .debug_abbrev    0x00052a        0x22c build/default/production/tasks.o
 .debug_abbrev    0x000756         0xe2 build/default/production/heap_1.o
 .debug_abbrev    0x000838        0x147 build/default/production/event_groups.o
 .debug_abbrev    0x00097f         0x14 build/default/production/portasm_PIC24.o
 .debug_abbrev    0x000993         0xef build/default/production/user_tasks.o
 .debug_abbrev    0x000a82         0xb2 build/default/production/adc_config.o

.debug_line       0x000000        0xe3d
 *(.debug_line)
 .debug_line      0x000000         0xcc build/default/production/list.o
 .debug_line      0x0000cc        0x115 build/default/production/main.o
 .debug_line      0x0001e1        0x146 build/default/production/port.o
 .debug_line      0x000327        0x2cd build/default/production/queue.o
 .debug_line      0x0005f4        0x3c3 build/default/production/tasks.o
 .debug_line      0x0009b7         0x9b build/default/production/heap_1.o
 .debug_line      0x000a52        0x172 build/default/production/event_groups.o
 .debug_line      0x000bc4         0x62 build/default/production/portasm_PIC24.o
 .debug_line      0x000c26        0x12b build/default/production/user_tasks.o
 .debug_line      0x000d51         0xec build/default/production/adc_config.o

.debug_frame      0x000000        0xa72
 *(.debug_frame)
 .debug_frame     0x000000         0x96 build/default/production/list.o
 .debug_frame     0x000096         0x2e build/default/production/main.o
 .debug_frame     0x0000c4         0xf6 build/default/production/port.o
 .debug_frame     0x0001ba        0x26a build/default/production/queue.o
 .debug_frame     0x000424        0x410 build/default/production/tasks.o
 .debug_frame     0x000834         0x7c build/default/production/heap_1.o
 .debug_frame     0x0008b0        0x118 build/default/production/event_groups.o
 .debug_frame     0x0009c8         0x7c build/default/production/user_tasks.o
 .debug_frame     0x000a44         0x2e build/default/production/adc_config.o

.debug_str        0x000000        0x440
 *(.debug_str)
 .debug_str       0x000000         0x2b build/default/production/list.o
 .debug_str       0x00002b         0x27 build/default/production/main.o
 .debug_str       0x000052         0x37 build/default/production/port.o
 .debug_str       0x000089        0x129 build/default/production/queue.o
 .debug_str       0x0001b2        0x14a build/default/production/tasks.o
 .debug_str       0x0002fc         0xe6 build/default/production/event_groups.o
 .debug_str       0x0003e2         0x2f build/default/production/user_tasks.o
 .debug_str       0x000411         0x2f build/default/production/adc_config.o

.debug_loc
 *(.debug_loc)

.debug_macinfo
 *(.debug_macinfo)

.debug_pubnames
                  0x000000        0x800
 *(.debug_pubnames)
 .debug_pubnames
                  0x000000         0x72 build/default/production/list.o
 .debug_pubnames
                  0x000072         0x1b build/default/production/main.o
 .debug_pubnames
                  0x00008d         0xd6 build/default/production/port.o
 .debug_pubnames
                  0x000163        0x1b8 build/default/production/queue.o
 .debug_pubnames
                  0x00031b        0x2f6 build/default/production/tasks.o
 .debug_pubnames
                  0x000611         0x64 build/default/production/heap_1.o
 .debug_pubnames
                  0x000675         0xf8 build/default/production/event_groups.o
 .debug_pubnames
                  0x00076d         0x72 build/default/production/user_tasks.o
 .debug_pubnames
                  0x0007df         0x21 build/default/production/adc_config.o

.debug_ranges
 *(.debug_ranges)

.debug_aranges    0x000000         0xf0
 *(.debug_aranges)
 .debug_aranges
                  0x000000         0x18 build/default/production/list.o
 .debug_aranges
                  0x000018         0x18 build/default/production/main.o
 .debug_aranges
                  0x000030         0x18 build/default/production/port.o
 .debug_aranges
                  0x000048         0x18 build/default/production/queue.o
 .debug_aranges
                  0x000060         0x18 build/default/production/tasks.o
 .debug_aranges
                  0x000078         0x18 build/default/production/heap_1.o
 .debug_aranges
                  0x000090         0x18 build/default/production/event_groups.o
 .debug_aranges
                  0x0000a8         0x18 build/default/production/portasm_PIC24.o
 .debug_aranges
                  0x0000c0         0x18 build/default/production/user_tasks.o
 .debug_aranges
                  0x0000d8         0x18 build/default/production/adc_config.o
                    0x0000                  WREG0 = 0x0
                    0x0000                  _WREG0 = 0x0
                    0x0002                  WREG1 = 0x2
                    0x0002                  _WREG1 = 0x2
                    0x0004                  WREG2 = 0x4
                    0x0004                  _WREG2 = 0x4
                    0x0006                  WREG3 = 0x6
                    0x0006                  _WREG3 = 0x6
                    0x0008                  WREG4 = 0x8
                    0x0008                  _WREG4 = 0x8
                    0x000a                  WREG5 = 0xa
                    0x000a                  _WREG5 = 0xa
                    0x000c                  WREG6 = 0xc
                    0x000c                  _WREG6 = 0xc
                    0x000e                  WREG7 = 0xe
                    0x000e                  _WREG7 = 0xe
                    0x0010                  WREG8 = 0x10
                    0x0010                  _WREG8 = 0x10
                    0x0012                  WREG9 = 0x12
                    0x0012                  _WREG9 = 0x12
                    0x0014                  WREG10 = 0x14
                    0x0014                  _WREG10 = 0x14
                    0x0016                  WREG11 = 0x16
                    0x0016                  _WREG11 = 0x16
                    0x0018                  WREG12 = 0x18
                    0x0018                  _WREG12 = 0x18
                    0x001a                  WREG13 = 0x1a
                    0x001a                  _WREG13 = 0x1a
                    0x001c                  WREG14 = 0x1c
                    0x001c                  _WREG14 = 0x1c
                    0x001e                  WREG15 = 0x1e
                    0x001e                  _WREG15 = 0x1e
                    0x0020                  SPLIM = 0x20
                    0x0020                  _SPLIM = 0x20
                    0x002e                  PCL = 0x2e
                    0x002e                  _PCL = 0x2e
                    0x0030                  PCH = 0x30
                    0x0030                  _PCH = 0x30
                    0x0032                  TBLPAG = 0x32
                    0x0032                  _TBLPAG = 0x32
                    0x0034                  PSVPAG = 0x34
                    0x0034                  _PSVPAG = 0x34
                    0x0036                  RCOUNT = 0x36
                    0x0036                  _RCOUNT = 0x36
                    0x0042                  SR = 0x42
                    0x0042                  _SR = 0x42
                    0x0042                  _SRbits = 0x42
                    0x0044                  CORCON = 0x44
                    0x0044                  _CORCON = 0x44
                    0x0044                  _CORCONbits = 0x44
                    0x0052                  DISICNT = 0x52
                    0x0052                  _DISICNT = 0x52
                    0x0060                  CNEN1 = 0x60
                    0x0060                  _CNEN1 = 0x60
                    0x0060                  _CNEN1bits = 0x60
                    0x0062                  CNEN2 = 0x62
                    0x0062                  _CNEN2 = 0x62
                    0x0062                  _CNEN2bits = 0x62
                    0x0068                  CNPU1 = 0x68
                    0x0068                  _CNPU1 = 0x68
                    0x0068                  _CNPU1bits = 0x68
                    0x006a                  CNPU2 = 0x6a
                    0x006a                  _CNPU2 = 0x6a
                    0x006a                  _CNPU2bits = 0x6a
                    0x0080                  INTCON1 = 0x80
                    0x0080                  _INTCON1 = 0x80
                    0x0080                  _INTCON1bits = 0x80
                    0x0082                  INTCON2 = 0x82
                    0x0082                  _INTCON2 = 0x82
                    0x0082                  _INTCON2bits = 0x82
                    0x0084                  IFS0 = 0x84
                    0x0084                  _IFS0 = 0x84
                    0x0084                  _IFS0bits = 0x84
                    0x0086                  IFS1 = 0x86
                    0x0086                  _IFS1 = 0x86
                    0x0086                  _IFS1bits = 0x86
                    0x0088                  IFS2 = 0x88
                    0x0088                  _IFS2 = 0x88
                    0x0088                  _IFS2bits = 0x88
                    0x008a                  IFS3 = 0x8a
                    0x008a                  _IFS3 = 0x8a
                    0x008a                  _IFS3bits = 0x8a
                    0x008c                  IFS4 = 0x8c
                    0x008c                  _IFS4 = 0x8c
                    0x008c                  _IFS4bits = 0x8c
                    0x0094                  IEC0 = 0x94
                    0x0094                  _IEC0 = 0x94
                    0x0094                  _IEC0bits = 0x94
                    0x0096                  IEC1 = 0x96
                    0x0096                  _IEC1 = 0x96
                    0x0096                  _IEC1bits = 0x96
                    0x0098                  IEC2 = 0x98
                    0x0098                  _IEC2 = 0x98
                    0x0098                  _IEC2bits = 0x98
                    0x009a                  IEC3 = 0x9a
                    0x009a                  _IEC3 = 0x9a
                    0x009a                  _IEC3bits = 0x9a
                    0x009c                  IEC4 = 0x9c
                    0x009c                  _IEC4 = 0x9c
                    0x009c                  _IEC4bits = 0x9c
                    0x00a4                  IPC0 = 0xa4
                    0x00a4                  _IPC0 = 0xa4
                    0x00a4                  _IPC0bits = 0xa4
                    0x00a6                  IPC1 = 0xa6
                    0x00a6                  _IPC1 = 0xa6
                    0x00a6                  _IPC1bits = 0xa6
                    0x00a8                  IPC2 = 0xa8
                    0x00a8                  _IPC2 = 0xa8
                    0x00a8                  _IPC2bits = 0xa8
                    0x00aa                  IPC3 = 0xaa
                    0x00aa                  _IPC3 = 0xaa
                    0x00aa                  _IPC3bits = 0xaa
                    0x00ac                  IPC4 = 0xac
                    0x00ac                  _IPC4 = 0xac
                    0x00ac                  _IPC4bits = 0xac
                    0x00ae                  IPC5 = 0xae
                    0x00ae                  _IPC5 = 0xae
                    0x00ae                  _IPC5bits = 0xae
                    0x00b0                  IPC6 = 0xb0
                    0x00b0                  _IPC6 = 0xb0
                    0x00b0                  _IPC6bits = 0xb0
                    0x00b2                  IPC7 = 0xb2
                    0x00b2                  _IPC7 = 0xb2
                    0x00b2                  _IPC7bits = 0xb2
                    0x00b4                  IPC8 = 0xb4
                    0x00b4                  _IPC8 = 0xb4
                    0x00b4                  _IPC8bits = 0xb4
                    0x00b6                  IPC9 = 0xb6
                    0x00b6                  _IPC9 = 0xb6
                    0x00b6                  _IPC9bits = 0xb6
                    0x00b8                  IPC10 = 0xb8
                    0x00b8                  _IPC10 = 0xb8
                    0x00b8                  _IPC10bits = 0xb8
                    0x00ba                  IPC11 = 0xba
                    0x00ba                  _IPC11 = 0xba
                    0x00ba                  _IPC11bits = 0xba
                    0x00bc                  IPC12 = 0xbc
                    0x00bc                  _IPC12 = 0xbc
                    0x00bc                  _IPC12bits = 0xbc
                    0x00be                  IPC13 = 0xbe
                    0x00be                  _IPC13 = 0xbe
                    0x00be                  _IPC13bits = 0xbe
                    0x00c2                  IPC15 = 0xc2
                    0x00c2                  _IPC15 = 0xc2
                    0x00c2                  _IPC15bits = 0xc2
                    0x00c4                  IPC16 = 0xc4
                    0x00c4                  _IPC16 = 0xc4
                    0x00c4                  _IPC16bits = 0xc4
                    0x00e0                  INTTREG = 0xe0
                    0x00e0                  _INTTREG = 0xe0
                    0x00e0                  _INTTREGbits = 0xe0
                    0x0100                  TMR1 = 0x100
                    0x0100                  _TMR1 = 0x100
                    0x0102                  PR1 = 0x102
                    0x0102                  _PR1 = 0x102
                    0x0104                  T1CON = 0x104
                    0x0104                  _T1CON = 0x104
                    0x0104                  _T1CONbits = 0x104
                    0x0106                  TMR2 = 0x106
                    0x0106                  _TMR2 = 0x106
                    0x0108                  TMR3HLD = 0x108
                    0x0108                  _TMR3HLD = 0x108
                    0x010a                  TMR3 = 0x10a
                    0x010a                  _TMR3 = 0x10a
                    0x010c                  PR2 = 0x10c
                    0x010c                  _PR2 = 0x10c
                    0x010e                  PR3 = 0x10e
                    0x010e                  _PR3 = 0x10e
                    0x0110                  T2CON = 0x110
                    0x0110                  _T2CON = 0x110
                    0x0110                  _T2CONbits = 0x110
                    0x0112                  T3CON = 0x112
                    0x0112                  _T3CON = 0x112
                    0x0112                  _T3CONbits = 0x112
                    0x0114                  TMR4 = 0x114
                    0x0114                  _TMR4 = 0x114
                    0x0116                  TMR5HLD = 0x116
                    0x0116                  _TMR5HLD = 0x116
                    0x0118                  TMR5 = 0x118
                    0x0118                  _TMR5 = 0x118
                    0x011a                  PR4 = 0x11a
                    0x011a                  _PR4 = 0x11a
                    0x011c                  PR5 = 0x11c
                    0x011c                  _PR5 = 0x11c
                    0x011e                  T4CON = 0x11e
                    0x011e                  _T4CON = 0x11e
                    0x011e                  _T4CONbits = 0x11e
                    0x0120                  T5CON = 0x120
                    0x0120                  _T5CON = 0x120
                    0x0120                  _T5CONbits = 0x120
                    0x0140                  IC1BUF = 0x140
                    0x0140                  _IC1BUF = 0x140
                    0x0142                  IC1CON = 0x142
                    0x0142                  _IC1CON = 0x142
                    0x0142                  _IC1CONbits = 0x142
                    0x0144                  IC2BUF = 0x144
                    0x0144                  _IC2BUF = 0x144
                    0x0146                  IC2CON = 0x146
                    0x0146                  _IC2CON = 0x146
                    0x0146                  _IC2CONbits = 0x146
                    0x0148                  IC3BUF = 0x148
                    0x0148                  _IC3BUF = 0x148
                    0x014a                  IC3CON = 0x14a
                    0x014a                  _IC3CON = 0x14a
                    0x014a                  _IC3CONbits = 0x14a
                    0x014c                  IC4BUF = 0x14c
                    0x014c                  _IC4BUF = 0x14c
                    0x014e                  IC4CON = 0x14e
                    0x014e                  _IC4CON = 0x14e
                    0x014e                  _IC4CONbits = 0x14e
                    0x0150                  IC5BUF = 0x150
                    0x0150                  _IC5BUF = 0x150
                    0x0152                  IC5CON = 0x152
                    0x0152                  _IC5CON = 0x152
                    0x0152                  _IC5CONbits = 0x152
                    0x0180                  OC1RS = 0x180
                    0x0180                  _OC1RS = 0x180
                    0x0182                  OC1R = 0x182
                    0x0182                  _OC1R = 0x182
                    0x0184                  OC1CON = 0x184
                    0x0184                  _OC1CON = 0x184
                    0x0184                  _OC1CONbits = 0x184
                    0x0186                  OC2RS = 0x186
                    0x0186                  _OC2RS = 0x186
                    0x0188                  OC2R = 0x188
                    0x0188                  _OC2R = 0x188
                    0x018a                  OC2CON = 0x18a
                    0x018a                  _OC2CON = 0x18a
                    0x018a                  _OC2CONbits = 0x18a
                    0x018c                  OC3RS = 0x18c
                    0x018c                  _OC3RS = 0x18c
                    0x018e                  OC3R = 0x18e
                    0x018e                  _OC3R = 0x18e
                    0x0190                  OC3CON = 0x190
                    0x0190                  _OC3CON = 0x190
                    0x0190                  _OC3CONbits = 0x190
                    0x0192                  OC4RS = 0x192
                    0x0192                  _OC4RS = 0x192
                    0x0194                  OC4R = 0x194
                    0x0194                  _OC4R = 0x194
                    0x0196                  OC4CON = 0x196
                    0x0196                  _OC4CON = 0x196
                    0x0196                  _OC4CONbits = 0x196
                    0x0198                  OC5RS = 0x198
                    0x0198                  _OC5RS = 0x198
                    0x019a                  OC5R = 0x19a
                    0x019a                  _OC5R = 0x19a
                    0x019c                  OC5CON = 0x19c
                    0x019c                  _OC5CON = 0x19c
                    0x019c                  _OC5CONbits = 0x19c
                    0x0200                  I2C1RCV = 0x200
                    0x0200                  _I2C1RCV = 0x200
                    0x0202                  I2C1TRN = 0x202
                    0x0202                  _I2C1TRN = 0x202
                    0x0204                  I2C1BRG = 0x204
                    0x0204                  _I2C1BRG = 0x204
                    0x0206                  I2C1CON = 0x206
                    0x0206                  _I2C1CON = 0x206
                    0x0206                  _I2C1CONbits = 0x206
                    0x0208                  I2C1STAT = 0x208
                    0x0208                  _I2C1STAT = 0x208
                    0x0208                  _I2C1STATbits = 0x208
                    0x020a                  I2C1ADD = 0x20a
                    0x020a                  _I2C1ADD = 0x20a
                    0x020c                  I2C1MSK = 0x20c
                    0x020c                  _I2C1MSK = 0x20c
                    0x0210                  I2C2RCV = 0x210
                    0x0210                  _I2C2RCV = 0x210
                    0x0212                  I2C2TRN = 0x212
                    0x0212                  _I2C2TRN = 0x212
                    0x0214                  I2C2BRG = 0x214
                    0x0214                  _I2C2BRG = 0x214
                    0x0216                  I2C2CON = 0x216
                    0x0216                  _I2C2CON = 0x216
                    0x0216                  _I2C2CONbits = 0x216
                    0x0218                  I2C2STAT = 0x218
                    0x0218                  _I2C2STAT = 0x218
                    0x0218                  _I2C2STATbits = 0x218
                    0x021a                  I2C2ADD = 0x21a
                    0x021a                  _I2C2ADD = 0x21a
                    0x021c                  I2C2MSK = 0x21c
                    0x021c                  _I2C2MSK = 0x21c
                    0x0220                  U1MODE = 0x220
                    0x0220                  _U1MODE = 0x220
                    0x0220                  _U1MODEbits = 0x220
                    0x0222                  U1STA = 0x222
                    0x0222                  _U1STA = 0x222
                    0x0222                  _U1STAbits = 0x222
                    0x0224                  U1TXREG = 0x224
                    0x0224                  _U1TXREG = 0x224
                    0x0226                  U1RXREG = 0x226
                    0x0226                  _U1RXREG = 0x226
                    0x0228                  U1BRG = 0x228
                    0x0228                  _U1BRG = 0x228
                    0x0230                  U2MODE = 0x230
                    0x0230                  _U2MODE = 0x230
                    0x0230                  _U2MODEbits = 0x230
                    0x0232                  U2STA = 0x232
                    0x0232                  _U2STA = 0x232
                    0x0232                  _U2STAbits = 0x232
                    0x0234                  U2TXREG = 0x234
                    0x0234                  _U2TXREG = 0x234
                    0x0236                  U2RXREG = 0x236
                    0x0236                  _U2RXREG = 0x236
                    0x0238                  U2BRG = 0x238
                    0x0238                  _U2BRG = 0x238
                    0x0240                  SPI1STAT = 0x240
                    0x0240                  _SPI1STAT = 0x240
                    0x0240                  _SPI1STATbits = 0x240
                    0x0242                  SPI1CON1 = 0x242
                    0x0242                  _SPI1CON1 = 0x242
                    0x0242                  _SPI1CON1bits = 0x242
                    0x0244                  SPI1CON2 = 0x244
                    0x0244                  _SPI1CON2 = 0x244
                    0x0244                  _SPI1CON2bits = 0x244
                    0x0248                  SPI1BUF = 0x248
                    0x0248                  _SPI1BUF = 0x248
                    0x0260                  SPI2STAT = 0x260
                    0x0260                  _SPI2STAT = 0x260
                    0x0260                  _SPI2STATbits = 0x260
                    0x0262                  SPI2CON1 = 0x262
                    0x0262                  _SPI2CON1 = 0x262
                    0x0262                  _SPI2CON1bits = 0x262
                    0x0264                  SPI2CON2 = 0x264
                    0x0264                  _SPI2CON2 = 0x264
                    0x0264                  _SPI2CON2bits = 0x264
                    0x0268                  SPI2BUF = 0x268
                    0x0268                  _SPI2BUF = 0x268
                    0x02c0                  TRISA = 0x2c0
                    0x02c0                  _TRISA = 0x2c0
                    0x02c0                  _TRISAbits = 0x2c0
                    0x02c2                  PORTA = 0x2c2
                    0x02c2                  _PORTA = 0x2c2
                    0x02c2                  _PORTAbits = 0x2c2
                    0x02c4                  LATA = 0x2c4
                    0x02c4                  _LATA = 0x2c4
                    0x02c4                  _LATAbits = 0x2c4
                    0x02c6                  TRISB = 0x2c6
                    0x02c6                  _TRISB = 0x2c6
                    0x02c6                  _TRISBbits = 0x2c6
                    0x02c8                  PORTB = 0x2c8
                    0x02c8                  _PORTB = 0x2c8
                    0x02c8                  _PORTBbits = 0x2c8
                    0x02ca                  LATB = 0x2ca
                    0x02ca                  _LATB = 0x2ca
                    0x02ca                  _LATBbits = 0x2ca
                    0x02cc                  TRISC = 0x2cc
                    0x02cc                  _TRISC = 0x2cc
                    0x02cc                  _TRISCbits = 0x2cc
                    0x02ce                  PORTC = 0x2ce
                    0x02ce                  _PORTC = 0x2ce
                    0x02ce                  _PORTCbits = 0x2ce
                    0x02d0                  LATC = 0x2d0
                    0x02d0                  _LATC = 0x2d0
                    0x02d0                  _LATCbits = 0x2d0
                    0x02d2                  TRISD = 0x2d2
                    0x02d2                  _TRISD = 0x2d2
                    0x02d2                  _TRISDbits = 0x2d2
                    0x02d4                  PORTD = 0x2d4
                    0x02d4                  _PORTD = 0x2d4
                    0x02d4                  _PORTDbits = 0x2d4
                    0x02d6                  LATD = 0x2d6
                    0x02d6                  _LATD = 0x2d6
                    0x02d6                  _LATDbits = 0x2d6
                    0x02d8                  TRISE = 0x2d8
                    0x02d8                  _TRISE = 0x2d8
                    0x02d8                  _TRISEbits = 0x2d8
                    0x02da                  PORTE = 0x2da
                    0x02da                  _PORTE = 0x2da
                    0x02da                  _PORTEbits = 0x2da
                    0x02dc                  LATE = 0x2dc
                    0x02dc                  _LATE = 0x2dc
                    0x02dc                  _LATEbits = 0x2dc
                    0x02de                  TRISF = 0x2de
                    0x02de                  _TRISF = 0x2de
                    0x02de                  _TRISFbits = 0x2de
                    0x02e0                  PORTF = 0x2e0
                    0x02e0                  _PORTF = 0x2e0
                    0x02e0                  _PORTFbits = 0x2e0
                    0x02e2                  LATF = 0x2e2
                    0x02e2                  _LATF = 0x2e2
                    0x02e2                  _LATFbits = 0x2e2
                    0x02e4                  TRISG = 0x2e4
                    0x02e4                  _TRISG = 0x2e4
                    0x02e4                  _TRISGbits = 0x2e4
                    0x02e6                  PORTG = 0x2e6
                    0x02e6                  _PORTG = 0x2e6
                    0x02e6                  _PORTGbits = 0x2e6
                    0x02e8                  LATG = 0x2e8
                    0x02e8                  _LATG = 0x2e8
                    0x02e8                  _LATGbits = 0x2e8
                    0x02fc                  PADCFG1 = 0x2fc
                    0x02fc                  _PADCFG1 = 0x2fc
                    0x02fc                  _PADCFG1bits = 0x2fc
                    0x0300                  ADC1BUF0 = 0x300
                    0x0300                  _ADC1BUF0 = 0x300
                    0x0302                  ADC1BUF1 = 0x302
                    0x0302                  _ADC1BUF1 = 0x302
                    0x0304                  ADC1BUF2 = 0x304
                    0x0304                  _ADC1BUF2 = 0x304
                    0x0306                  ADC1BUF3 = 0x306
                    0x0306                  _ADC1BUF3 = 0x306
                    0x0308                  ADC1BUF4 = 0x308
                    0x0308                  _ADC1BUF4 = 0x308
                    0x030a                  ADC1BUF5 = 0x30a
                    0x030a                  _ADC1BUF5 = 0x30a
                    0x030c                  ADC1BUF6 = 0x30c
                    0x030c                  _ADC1BUF6 = 0x30c
                    0x030e                  ADC1BUF7 = 0x30e
                    0x030e                  _ADC1BUF7 = 0x30e
                    0x0310                  ADC1BUF8 = 0x310
                    0x0310                  _ADC1BUF8 = 0x310
                    0x0312                  ADC1BUF9 = 0x312
                    0x0312                  _ADC1BUF9 = 0x312
                    0x0314                  ADC1BUFA = 0x314
                    0x0314                  _ADC1BUFA = 0x314
                    0x0316                  ADC1BUFB = 0x316
                    0x0316                  _ADC1BUFB = 0x316
                    0x0318                  ADC1BUFC = 0x318
                    0x0318                  _ADC1BUFC = 0x318
                    0x031a                  ADC1BUFD = 0x31a
                    0x031a                  _ADC1BUFD = 0x31a
                    0x031c                  ADC1BUFE = 0x31c
                    0x031c                  _ADC1BUFE = 0x31c
                    0x031e                  ADC1BUFF = 0x31e
                    0x031e                  _ADC1BUFF = 0x31e
                    0x0320                  AD1CON1 = 0x320
                    0x0320                  _AD1CON1 = 0x320
                    0x0320                  _AD1CON1bits = 0x320
                    0x0322                  AD1CON2 = 0x322
                    0x0322                  _AD1CON2 = 0x322
                    0x0322                  _AD1CON2bits = 0x322
                    0x0324                  AD1CON3 = 0x324
                    0x0324                  _AD1CON3 = 0x324
                    0x0324                  _AD1CON3bits = 0x324
                    0x0328                  AD1CHS = 0x328
                    0x0328                  _AD1CHS = 0x328
                    0x0328                  _AD1CHSbits = 0x328
                    0x032c                  AD1PCFG = 0x32c
                    0x032c                  _AD1PCFG = 0x32c
                    0x032c                  _AD1PCFGbits = 0x32c
                    0x0330                  AD1CSSL = 0x330
                    0x0330                  _AD1CSSL = 0x330
                    0x0330                  _AD1CSSLbits = 0x330
                    0x0600                  PMCON = 0x600
                    0x0600                  _PMCON = 0x600
                    0x0600                  _PMCONbits = 0x600
                    0x0602                  PMMODE = 0x602
                    0x0602                  _PMMODE = 0x602
                    0x0602                  _PMMODEbits = 0x602
                    0x0604                  PMADDR = 0x604
                    0x0604                  _PMADDR = 0x604
                    0x0604                  _PMADDRbits = 0x604
                    0x0604                  PMDOUT1 = 0x604
                    0x0604                  _PMDOUT1 = 0x604
                    0x0606                  PMDOUT2 = 0x606
                    0x0606                  _PMDOUT2 = 0x606
                    0x0608                  PMDIN1 = 0x608
                    0x0608                  _PMDIN1 = 0x608
                    0x060a                  PMDIN2 = 0x60a
                    0x060a                  _PMDIN2 = 0x60a
                    0x060c                  PMAEN = 0x60c
                    0x060c                  _PMAEN = 0x60c
                    0x060c                  _PMAENbits = 0x60c
                    0x060e                  PMSTAT = 0x60e
                    0x060e                  _PMSTAT = 0x60e
                    0x060e                  _PMSTATbits = 0x60e
                    0x0620                  ALRMVAL = 0x620
                    0x0620                  _ALRMVAL = 0x620
                    0x0622                  ALCFGRPT = 0x622
                    0x0622                  _ALCFGRPT = 0x622
                    0x0622                  _ALCFGRPTbits = 0x622
                    0x0624                  RTCVAL = 0x624
                    0x0624                  _RTCVAL = 0x624
                    0x0626                  RCFGCAL = 0x626
                    0x0626                  _RCFGCAL = 0x626
                    0x0626                  _RCFGCALbits = 0x626
                    0x0630                  CMCON = 0x630
                    0x0630                  _CMCON = 0x630
                    0x0630                  _CMCONbits = 0x630
                    0x0632                  CVRCON = 0x632
                    0x0632                  _CVRCON = 0x632
                    0x0632                  _CVRCONbits = 0x632
                    0x0640                  CRCCON = 0x640
                    0x0640                  _CRCCON = 0x640
                    0x0640                  _CRCCONbits = 0x640
                    0x0642                  CRCXOR = 0x642
                    0x0642                  _CRCXOR = 0x642
                    0x0642                  _CRCXORbits = 0x642
                    0x0644                  CRCDAT = 0x644
                    0x0644                  _CRCDAT = 0x644
                    0x0646                  CRCWDAT = 0x646
                    0x0646                  _CRCWDAT = 0x646
                    0x06c0                  ODCA = 0x6c0
                    0x06c0                  _ODCA = 0x6c0
                    0x06c0                  _ODCAbits = 0x6c0
                    0x06c6                  ODCB = 0x6c6
                    0x06c6                  _ODCB = 0x6c6
                    0x06c6                  _ODCBbits = 0x6c6
                    0x06cc                  ODCC = 0x6cc
                    0x06cc                  _ODCC = 0x6cc
                    0x06cc                  _ODCCbits = 0x6cc
                    0x06d2                  ODCD = 0x6d2
                    0x06d2                  _ODCD = 0x6d2
                    0x06d2                  _ODCDbits = 0x6d2
                    0x06d8                  ODCE = 0x6d8
                    0x06d8                  _ODCE = 0x6d8
                    0x06d8                  _ODCEbits = 0x6d8
                    0x06de                  ODCF = 0x6de
                    0x06de                  _ODCF = 0x6de
                    0x06de                  _ODCFbits = 0x6de
                    0x06e4                  ODCG = 0x6e4
                    0x06e4                  _ODCG = 0x6e4
                    0x06e4                  _ODCGbits = 0x6e4
                    0x0740                  RCON = 0x740
                    0x0740                  _RCON = 0x740
                    0x0740                  _RCONbits = 0x740
                    0x0742                  OSCCON = 0x742
                    0x0742                  _OSCCON = 0x742
                    0x0742                  _OSCCONbits = 0x742
                    0x0742                  OSCCONL = 0x742
                    0x0742                  _OSCCONL = 0x742
                    0x0743                  OSCCONH = 0x743
                    0x0743                  _OSCCONH = 0x743
                    0x0744                  CLKDIV = 0x744
                    0x0744                  _CLKDIV = 0x744
                    0x0744                  _CLKDIVbits = 0x744
                    0x0748                  OSCTUN = 0x748
                    0x0748                  _OSCTUN = 0x748
                    0x0748                  _OSCTUNbits = 0x748
                    0x0760                  NVMCON = 0x760
                    0x0760                  _NVMCON = 0x760
                    0x0760                  _NVMCONbits = 0x760
                    0x0766                  NVMKEY = 0x766
                    0x0766                  _NVMKEY = 0x766
                    0x0770                  PMD1 = 0x770
                    0x0770                  _PMD1 = 0x770
                    0x0770                  _PMD1bits = 0x770
                    0x0772                  PMD2 = 0x772
                    0x0772                  _PMD2 = 0x772
                    0x0772                  _PMD2bits = 0x772
                    0x0774                  PMD3 = 0x774
                    0x0774                  _PMD3 = 0x774
                    0x0774                  _PMD3bits = 0x774
                    0x0140                  IC1 = 0x140
                    0x0140                  _IC1 = 0x140
                    0x0144                  IC2 = 0x144
                    0x0144                  _IC2 = 0x144
                    0x0148                  IC3 = 0x148
                    0x0148                  _IC3 = 0x148
                    0x014c                  IC4 = 0x14c
                    0x014c                  _IC4 = 0x14c
                    0x0150                  IC5 = 0x150
                    0x0150                  _IC5 = 0x150
                    0x0180                  OC1 = 0x180
                    0x0180                  _OC1 = 0x180
                    0x0186                  OC2 = 0x186
                    0x0186                  _OC2 = 0x186
                    0x018c                  OC3 = 0x18c
                    0x018c                  _OC3 = 0x18c
                    0x0192                  OC4 = 0x192
                    0x0192                  _OC4 = 0x192
                    0x0198                  OC5 = 0x198
                    0x0198                  _OC5 = 0x198
                    0x0240                  SPI1 = 0x240
                    0x0240                  _SPI1 = 0x240
                    0x0260                  SPI2 = 0x260
                    0x0260                  _SPI2 = 0x260
                    0x0220                  UART1 = 0x220
                    0x0220                  _UART1 = 0x220
                    0x0230                  UART2 = 0x230
                    0x0230                  _UART2 = 0x230
START GROUP
LOAD c:/program files/microchip/xc16/v2.00/bin/bin/../../lib\libc99-pic30-elf.a
LOAD c:/program files/microchip/xc16/v2.00/bin/bin/../../lib\libm-elf.a
LOAD c:/program files/microchip/xc16/v2.00/bin/bin/../../lib\libc99-elf.a
END GROUP
OUTPUT(dist/default/production/FreeRTOS.production.elf elf32-pic30)
LOAD jump_table
LOAD default_isr
LOAD data_init

.debug_pubtypes
                  0x0000f0        0x7fc
 .debug_pubtypes
                  0x0000f0         0x98 build/default/production/list.o
 .debug_pubtypes
                  0x000188         0xa1 build/default/production/main.o
 .debug_pubtypes
                  0x000229        0x118 build/default/production/port.o
 .debug_pubtypes
                  0x000341        0x17f build/default/production/queue.o
 .debug_pubtypes
                  0x0004c0        0x199 build/default/production/tasks.o
 .debug_pubtypes
                  0x000659         0x2c build/default/production/heap_1.o
 .debug_pubtypes
                  0x000685        0x100 build/default/production/event_groups.o
 .debug_pubtypes
                  0x000785         0xbe build/default/production/user_tasks.o
 .debug_pubtypes
                  0x000843         0xa9 build/default/production/adc_config.o

__c30_signature
                  0x0008ec         0x48
 __c30_signature
                  0x0008ec          0x6 build/default/production/list.o
 __c30_signature
                  0x0008f2          0x6 build/default/production/main.o
 __c30_signature
                  0x0008f8          0x6 build/default/production/port.o
 __c30_signature
                  0x0008fe          0x6 build/default/production/queue.o
 __c30_signature
                  0x000904          0x6 build/default/production/tasks.o
 __c30_signature
                  0x00090a          0x6 build/default/production/heap_1.o
 __c30_signature
                  0x000910          0x6 build/default/production/event_groups.o
 __c30_signature
                  0x000916          0x6 build/default/production/user_tasks.o
 __c30_signature
                  0x00091c          0x6 build/default/production/adc_config.o
 __c30_signature
                  0x000922          0x6 c:/program files/microchip/xc16/v2.00/bin/bin/../../lib\libc99-pic30-elf.a(crt0_standard.o)
 __c30_signature
                  0x000928          0x6 c:/program files/microchip/xc16/v2.00/bin/bin/../../lib\libc99-pic30-elf.a(data_init_standard.o)
 __c30_signature
                  0x00092e          0x6 c:/program files/microchip/xc16/v2.00/bin/bin/../../lib\libc99-elf.a(memcpy.XX_o)

.nbss               0x0800         0x22
 .nbss              0x0800         0x1c build/default/production/tasks.o
                    0x0800                  _pxCurrentTCB
 .nbss              0x081c          0x6 build/default/production/user_tasks.o
                    0x081c                  _fila_rot
                    0x081e                  _fila_temp
                    0x0820                  _rest

.ndata              0x0822          0x2
 .ndata             0x0822          0x2 build/default/production/port.o
                    0x0822                  _uxCriticalNesting

.nbss               0x0824          0x2
 .nbss              0x0824          0x2 build/default/production/heap_1.o

.bss                0x0826       0x1450
 .bss               0x0826       0x1400 build/default/production/heap_1.o
 .bss               0x1c26         0x50 build/default/production/tasks.o

.ivt._T1Interrupt
                  0x00001a          0x2
 .ivt._T1Interrupt
                  0x00001a          0x2 build/default/production/port.o

.const              0x8320         0x3a load address 0x000320  
 .const             0x8320         0x20 build/default/production/port.o
 .const             0x8340         0x14 build/default/production/main.o
 .const             0x8354          0x6 build/default/production/tasks.o

.text             0x00035a       0x23ee
 .text            0x00035a        0xee6 build/default/production/tasks.o
                  0x00035a                  _xTaskCreate
                  0x000590                  _vTaskDelay
                  0x0005c0                  _vTaskSuspend
                  0x000680                  _vTaskResume
                  0x0006ea                  _xTaskResumeFromISR
                  0x000774                  _vTaskStartScheduler
                  0x0007aa                  _vTaskEndScheduler
                  0x0007c2                  _vTaskSuspendAll
                  0x0007ce                  _xTaskResumeAll
                  0x000894                  _xTaskGetTickCount
                  0x0008a4                  _xTaskGetTickCountFromISR
                  0x0008b8                  _uxTaskGetNumberOfTasks
                  0x0008c0                  _pcTaskGetName
                  0x0008e0                  _xTaskIncrementTick
                  0x0009f8                  _vTaskSwitchContext
                  0x000a7e                  _vTaskPlaceOnEventList
                  0x000a9c                  _vTaskPlaceOnUnorderedEventList
                  0x000acc                  _xTaskRemoveFromEventList
                  0x000b5e                  _vTaskRemoveFromUnorderedEventList
                  0x000bca                  _vTaskSetTimeOutState
                  0x000be4                  _vTaskInternalSetTimeOutState
                  0x000bfa                  _xTaskCheckForTimeOut
                  0x000c90                  _vTaskMissedYield
                  0x000c9a                  build/default/production/tasks.o:_prvIdleTask
                  0x000d08                  _uxTaskResetEventItemValue
                  0x000d24                  _ulTaskNotifyTake
                  0x000d9e                  _xTaskNotifyWait
                  0x000e6e                  _xTaskGenericNotify
                  0x000f94                  _xTaskGenericNotifyFromISR
                  0x0010e2                  _vTaskNotifyGiveFromISR
                  0x001184                  _xTaskNotifyStateClear
 .text            0x001240        0xb24 build/default/production/queue.o
                  0x001240                  _xQueueGenericReset
                  0x0012e4                  _xQueueGenericCreate
                  0x0013a2                  _xQueueCreateCountingSemaphore
                  0x0013cc                  _xQueueGenericSend
                  0x0014ee                  _xQueueGenericSendFromISR
                  0x001592                  _xQueueGiveFromISR
                  0x00162c                  _xQueueReceive
                  0x001742                  _xQueueSemaphoreTake
                  0x00184a                  _xQueuePeek
                  0x001966                  _xQueueReceiveFromISR
                  0x001a06                  _xQueuePeekFromISR
                  0x001a56                  _uxQueueMessagesWaiting
                  0x001a6e                  _uxQueueSpacesAvailable
                  0x001a96                  _uxQueueMessagesWaitingFromISR
                  0x001ab0                  _vQueueDelete
                  0x001cde                  _xQueueIsQueueEmptyFromISR
                  0x001d34                  _xQueueIsQueueFullFromISR
 .text            0x001d64        0x468 build/default/production/event_groups.o
                  0x001d64                  _xEventGroupCreate
                  0x001d82                  _xEventGroupSync
                  0x001e86                  _xEventGroupWaitBits
                  0x001fc2                  _xEventGroupClearBits
                  0x001ff2                  _xEventGroupGetBitsFromISR
                  0x002010                  _xEventGroupSetBits
                  0x002126                  _vEventGroupDelete
                  0x00215a                  _vEventGroupSetBitsCallback
                  0x00216e                  _vEventGroupClearBitsCallback
 .text            0x0021cc        0x19c build/default/production/list.o
                  0x0021cc                  _vListInitialise
                  0x002206                  _vListInitialiseItem
                  0x002216                  _vListInsertEnd
                  0x00226e                  _vListInsert
                  0x0022fa                  _uxListRemove
 .text            0x002368        0x19c build/default/production/port.o
                  0x002368                  _pxPortInitialiseStack
                  0x002472                  _xPortStartScheduler
                  0x0024a0                  _vPortEndScheduler
                  0x0024a6                  _vApplicationSetupTickTimerInterrupt
                  0x0024ce                  _vPortEnterCritical
                  0x0024e8                  _vPortExitCritical
 .text            0x002504         0xc8 build/default/production/user_tasks.o
                  0x002504                  _rot_read
                  0x002532                  _rot_process
                  0x002568                  _temp_read
                  0x002596                  _temp_process
 .text            0x0025cc         0x74 build/default/production/heap_1.o
                  0x0025cc                  _pvPortMalloc
                  0x002624                  _vPortFree
                  0x00262c                  _vPortInitialiseBlocks
                  0x002634                  _xPortGetFreeHeapSize
 .text            0x002640         0x70 build/default/production/main.o
                  0x002640                  _main
 .text            0x0026b0         0x50 build/default/production/portasm_PIC24.o
                  0x0026b0                  _vPortYield
 .text            0x002700         0x48 build/default/production/adc_config.o
                  0x002700                  _adc_config

.dinit            0x002748         0x28
 .dinit           0x002748         0x28 data_init
